// Jest Snapshot v1, https://goo.gl/fbAQLP

exports[`DiskButtons match snapshot 1`] = `
<div
  class="list"
  data-testid="file-elem"
>
  <div
    class="list__icon"
  >
    <svg
      aria-hidden="true"
      class="MuiSvgIcon-root MuiSvgIcon-fontSizeMedium list__icon__file css-i4bv87-MuiSvgIcon-root"
      data-testid="file-icon"
      focusable="false"
      viewBox="0 0 24 24"
    >
      <path
        d="M14.17 5 19 9.83V19H5V5h9.17m0-2H5c-1.1 0-2 .9-2 2v14c0 1.1.9 2 2 2h14c1.1 0 2-.9 2-2V9.83c0-.53-.21-1.04-.59-1.41l-4.83-4.83c-.37-.38-.88-.59-1.41-.59zM7 15h10v2H7v-2zm0-4h10v2H7v-2zm0-4h7v2H7V7z"
      />
    </svg>
  </div>
  <div
    class="list__name"
  >
    <h6
      class="MuiTypography-root MuiTypography-subtitle2 css-ati914-MuiTypography-root"
    >
      123.txt
    </h6>
  </div>
  <div
    class="list__actions"
    style=""
  >
    <button
      class="MuiButtonBase-root MuiIconButton-root MuiIconButton-colorSecondary MuiIconButton-sizeMedium css-1gws2xf-MuiButtonBase-root-MuiIconButton-root"
      data-testid="download-icon"
      tabindex="0"
      type="button"
    >
      <svg
        aria-hidden="true"
        class="MuiSvgIcon-root MuiSvgIcon-fontSizeMedium css-i4bv87-MuiSvgIcon-root"
        data-testid="CloudDownloadIcon"
        focusable="false"
        viewBox="0 0 24 24"
      >
        <path
          d="M19.35 10.04C18.67 6.59 15.64 4 12 4 9.11 4 6.6 5.64 5.35 8.04 2.34 8.36 0 10.91 0 14c0 3.31 2.69 6 6 6h13c2.76 0 5-2.24 5-5 0-2.64-2.05-4.78-4.65-4.96zM17 13l-5 5-5-5h3V9h4v4h3z"
        />
      </svg>
      <span
        class="MuiTouchRipple-root css-8je8zh-MuiTouchRipple-root"
      />
    </button>
    <button
      class="MuiButtonBase-root MuiButton-root MuiLoadingButton-root MuiButton-text MuiButton-textSecondary MuiButton-sizeMedium MuiButton-textSizeMedium MuiButton-root MuiLoadingButton-root MuiButton-text MuiButton-textSecondary MuiButton-sizeMedium MuiButton-textSizeMedium css-1jpsq0x-MuiButtonBase-root-MuiButton-root-MuiLoadingButton-root"
      data-testid="delete-icon"
      id=":r0:"
      tabindex="0"
      type="button"
    >
      <svg
        aria-hidden="true"
        class="MuiSvgIcon-root MuiSvgIcon-fontSizeMedium css-i4bv87-MuiSvgIcon-root"
        data-testid="DeleteForeverIcon"
        focusable="false"
        viewBox="0 0 24 24"
      >
        <path
          d="M6 19c0 1.1.9 2 2 2h8c1.1 0 2-.9 2-2V7H6v12zm2.46-7.12 1.41-1.41L12 12.59l2.12-2.12 1.41 1.41L13.41 14l2.12 2.12-1.41 1.41L12 15.41l-2.12 2.12-1.41-1.41L10.59 14l-2.13-2.12zM15.5 4l-1-1h-5l-1 1H5v2h14V4z"
        />
      </svg>
      <span
        class="MuiTouchRipple-root css-8je8zh-MuiTouchRipple-root"
      />
    </button>
    <button
      class="MuiButtonBase-root MuiIconButton-root MuiIconButton-colorSecondary MuiIconButton-sizeMedium css-1gws2xf-MuiButtonBase-root-MuiIconButton-root"
      data-testid="share-icon"
      tabindex="0"
      type="button"
    >
      <svg
        aria-hidden="true"
        class="MuiSvgIcon-root MuiSvgIcon-fontSizeMedium css-i4bv87-MuiSvgIcon-root"
        data-testid="ShareIcon"
        focusable="false"
        viewBox="0 0 24 24"
      >
        <path
          d="M18 16.08c-.76 0-1.44.3-1.96.77L8.91 12.7c.05-.23.09-.46.09-.7s-.04-.47-.09-.7l7.05-4.11c.54.5 1.25.81 2.04.81 1.66 0 3-1.34 3-3s-1.34-3-3-3-3 1.34-3 3c0 .24.04.47.09.7L8.04 9.81C7.5 9.31 6.79 9 6 9c-1.66 0-3 1.34-3 3s1.34 3 3 3c.79 0 1.5-.31 2.04-.81l7.12 4.16c-.05.21-.08.43-.08.65 0 1.61 1.31 2.92 2.92 2.92 1.61 0 2.92-1.31 2.92-2.92s-1.31-2.92-2.92-2.92z"
        />
      </svg>
      <span
        class="MuiTouchRipple-root css-8je8zh-MuiTouchRipple-root"
      />
    </button>
  </div>
  <div
    class="list__date"
  >
    <h6
      aria-label="Nov 08 2022  18:28:03"
      class="MuiTypography-root MuiTypography-subtitle2 css-ati914-MuiTypography-root"
      data-mui-internal-clone-element="true"
    >
      Nov 08 2022
    </h6>
  </div>
  <div
    class="list__size"
  >
    <h6
      class="MuiTypography-root MuiTypography-subtitle2 css-ati914-MuiTypography-root"
    >
      546B
    </h6>
  </div>
</div>
`;
